ASxxxx Linker V03.00 + NoICE + sdld,  page 1.
Hexadecimal  [32-Bits]

Area                       Addr        Size        Decimal Bytes (Attributes)
--------------------       ----        ----        ------- ----- ------------
.  .ABS.               00000000    00000000 =           0. bytes (ABS,CON)

        Value  Global            Value  Global            Value  Global    
        -----  ------            -----  ------            -----  ------    
     00000000  .__.ABS.  |    00000000  l_BAR     |    00000000  l_BSEG   
     00000000  l_BSEG_BY |    00000000  l_FOO     |    00000000  l_MAIN   
     00000000  l_REG_BAN |    00000000  l_REG_BAN |    00000000  l_REG_BAN
     00000000  l_REG_BAN |    00000000  l__CODE   |    00000000  s_BAR    
     00000000  s_BAR0    |    00000000  s_BSEG    |    00000000  s_FOO    
     00000000  s_FOO0    |    00000000  s_MAIN    |    00000000  s_MAIN0  
     00000000  s_MAIN1   |    00000000  s_MAIN2   |    00000000  s_REG_BAN
     00000000  s__CODE   |    00000006  l_BAR0    |    00000008  s_REG_BAN
     00000009  l_MAIN2   |    0000000B  l_MAIN0   |    0000000E  l_FOO0   
     00000010  s_REG_BAN |    00000018  s_REG_BAN |    0000001C  l_MAIN1  
     00000020  s_BSEG_BY |    00000100  l_IRAM   
ASxxxx Linker V03.00 + NoICE + sdld,  page 2.
Hexadecimal  [32-Bits]

Area                       Addr        Size        Decimal Bytes (Attributes)
--------------------       ----        ----        ------- ----- ------------
MAIN0                  00000000    0000000B =          11. bytes (ABS,CON,CODE)

        Value  Global            Value  Global            Value  Global    
        -----  ------            -----  ------            -----  ------    
ASxxxx Linker V03.00 + NoICE + sdld,  page 3.
Hexadecimal  [32-Bits]

Area                       Addr        Size        Decimal Bytes (Attributes)
--------------------       ----        ----        ------- ----- ------------
MAIN1                  00000000    0000001C =          28. bytes (ABS,CON,CODE)

        Value  Global            Value  Global            Value  Global    
        -----  ------            -----  ------            -----  ------    
ASxxxx Linker V03.00 + NoICE + sdld,  page 4.
Hexadecimal  [32-Bits]

Area                       Addr        Size        Decimal Bytes (Attributes)
--------------------       ----        ----        ------- ----- ------------
MAIN2                  00000000    00000009 =           9. bytes (ABS,CON,CODE)

        Value  Global            Value  Global            Value  Global    
        -----  ------            -----  ------            -----  ------    
     00000050  delay    
ASxxxx Linker V03.00 + NoICE + sdld,  page 5.
Hexadecimal  [32-Bits]

Area                       Addr        Size        Decimal Bytes (Attributes)
--------------------       ----        ----        ------- ----- ------------
FOO0                   00000000    0000000E =          14. bytes (ABS,CON,CODE)

        Value  Global            Value  Global            Value  Global    
        -----  ------            -----  ------            -----  ------    
     00000100  foo1      |    00000103  foo2      |    00000106  foo3     
     00000109  foo4      |    0000010C  foo       |    0000010D  foo_add  
     0000010D  foo_mult  |    0000010D  foo_shift
ASxxxx Linker V03.00 + NoICE + sdld,  page 6.
Hexadecimal  [32-Bits]

Area                       Addr        Size        Decimal Bytes (Attributes)
--------------------       ----        ----        ------- ----- ------------
BAR0                   00000000    00000006 =           6. bytes (ABS,CON,CODE)

        Value  Global            Value  Global            Value  Global    
        -----  ------            -----  ------            -----  ------    
     00000200  bar1      |    00000201  bar2      |    00000202  bar3     
     00000203  bar4      |    00000205  bar_add   |    00000205  bar_mult 
     00000205  bar_shift
ASxxxx Linker V03.00 + NoICE + sdld,  page 7.

Files Linked                              [ module(s) ]

main.rel                                  [  ]
lib_foo.rel                               [  ]
lib_bar.rel                               [  ]


